🔄 RESETTING AND REPOPULATING UBI DATA

============================================================

📝 Step 1: Deleting all UbiClaim records...
Error deleting claims: {
  code: '21000',
  details: null,
  hint: null,
  message: 'DELETE requires a WHERE clause'
}
✅ All UbiClaim records deleted

📝 Step 2: Resetting UserStats UBI fields...
✅ UserStats reset

📝 Step 3: Repopulating with 200 addresses...

Loaded 200 addresses from file
Generating claims...

   Generated claims for 25/200 addresses...
   Generated claims for 50/200 addresses...
   Generated claims for 75/200 addresses...
   Generated claims for 100/200 addresses...
   Generated claims for 125/200 addresses...
   Generated claims for 150/200 addresses...
   Generated claims for 175/200 addresses...
   Generated claims for 200/200 addresses...

✅ Generated 2276 total claims
📝 Inserting into database...

   Inserted 500/2276 claims...
   Inserted 1000/2276 claims...
   Inserted 1500/2276 claims...
   Inserted 2000/2276 claims...
   Inserted 2276/2276 claims...

✅ Insertion complete: 2276 claims inserted

📝 Step 4: Updating UserStats...

   Updated 10/200 addresses...
   Updated 20/200 addresses...
   Updated 30/200 addresses...
   Updated 40/200 addresses...
   Updated 50/200 addresses...
   Updated 60/200 addresses...
   Updated 70/200 addresses...
   Updated 80/200 addresses...
   Updated 90/200 addresses...
   Updated 100/200 addresses...
   Updated 110/200 addresses...
   Updated 120/200 addresses...
   Updated 130/200 addresses...
   Updated 140/200 addresses...
   Updated 150/200 addresses...
   Updated 160/200 addresses...
   Updated 170/200 addresses...
   Updated 180/200 addresses...
   Updated 190/200 addresses...
   Updated 200/200 addresses...

✅ UserStats updated

📊 Final Verification:

============================================================
Total UbiClaim records: 7181
Unique claimers: 201
UserStats with claims: 200

============================================================

⚠️  Warning: Expected 200, got 201

✅ Refresh your dashboard to see the updated data!
